============================= test session starts =============================
platform win32 -- Python 3.12.10, pytest-9.0.1, pluggy-1.6.0 -- C:\Users\acer\AppData\Local\Programs\Python\Python312\python.exe
cachedir: .pytest_cache
django: version: 5.2.6, settings: config.settings (from ini)
rootdir: C:\proyectos\IPES6\backend
configfile: pytest.ini
plugins: django-4.11.1
collecting ... collected 0 items / 1 error

=================================== ERRORS ====================================
_____ ERROR collecting apps/alumnos/tests/test_validaciones_aprobacion.py _____
ImportError while importing test module 'C:\proyectos\IPES6\backend\apps\alumnos\tests\test_validaciones_aprobacion.py'.
Hint: make sure your test modules/packages have valid Python names.
Traceback:
C:\Users\acer\AppData\Local\Programs\Python\Python312\Lib\site-packages\_pytest\python.py:507: in importtestmodule
    mod = import_path(
C:\Users\acer\AppData\Local\Programs\Python\Python312\Lib\site-packages\_pytest\pathlib.py:587: in import_path
    importlib.import_module(module_name)
C:\Users\acer\AppData\Local\Programs\Python\Python312\Lib\importlib\__init__.py:90: in import_module
    return _bootstrap._gcd_import(name[level:], package, level)
           ^^^^^^^^^^^^^^^^^^^^^^^^^^^^^^^^^^^^^^^^^^^^^^^^^^^^
<frozen importlib._bootstrap>:1387: in _gcd_import
    ???
<frozen importlib._bootstrap>:1360: in _find_and_load
    ???
<frozen importlib._bootstrap>:1331: in _find_and_load_unlocked
    ???
<frozen importlib._bootstrap>:935: in _load_unlocked
    ???
C:\Users\acer\AppData\Local\Programs\Python\Python312\Lib\site-packages\_pytest\assertion\rewrite.py:197: in exec_module
    exec(co, module.__dict__)
apps\alumnos\tests\test_validaciones_aprobacion.py:10: in <module>
    from apps.alumnos.carga_notas_api import crear_acta_examen, ActaCreateIn, ActaExamenAlumnoIn
E   ImportError: cannot import name 'ActaExamenAlumnoIn' from 'apps.alumnos.carga_notas_api' (C:\proyectos\IPES6\backend\apps\alumnos\carga_notas_api.py)
============================== warnings summary ===============================
..\..\..\Users\acer\AppData\Local\Programs\Python\Python312\Lib\site-packages\pydantic\_internal\_config.py:323
..\..\..\Users\acer\AppData\Local\Programs\Python\Python312\Lib\site-packages\pydantic\_internal\_config.py:323
..\..\..\Users\acer\AppData\Local\Programs\Python\Python312\Lib\site-packages\pydantic\_internal\_config.py:323
  C:\Users\acer\AppData\Local\Programs\Python\Python312\Lib\site-packages\pydantic\_internal\_config.py:323: PydanticDeprecatedSince20: Support for class-based `config` is deprecated, use ConfigDict instead. Deprecated in Pydantic V2.0 to be removed in V3.0. See Pydantic V2 Migration Guide at https://errors.pydantic.dev/2.11/migration/
    warnings.warn(DEPRECATION_MESSAGE, DeprecationWarning)

-- Docs: https://docs.pytest.org/en/stable/how-to/capture-warnings.html
=========================== short test summary info ===========================
ERROR apps/alumnos/tests/test_validaciones_aprobacion.py
!!!!!!!!!!!!!!!!!!! Interrupted: 1 error during collection !!!!!!!!!!!!!!!!!!!!
======================== 3 warnings, 1 error in 1.20s =========================
